// Vitest Snapshot v1, https://vitest.dev/guide/snapshot.html

exports[`formatScoreExplanation > matches the calm templates 1`] = `
[
  "برای محاسبه امتیاز مالیت به یک ماه کامل داده نیاز داریم. بعد از اولین ماه فعالیت، اینجا جمع می‌شود.",
  "امتیازت به خاطر افزایش نرخ پس‌انداز از ۱۸٪ به ۲۶٪ بالا رفت.",
  "امتیاز این دوره بیشتر تحت تأثیر پایبندی به بودجه بوده.",
  "بخش اصلی این امتیاز، فشار قسط است.",
  "این دوره خرجت به اندازه درآمدت بوده یا بیشتر. نرخ از خودِ درآمد و هزینه ساخته می‌شود.",
  "نرخ پس‌انداز این دوره ۱۰٪ است؛ دوره قبل ۱۸٪ بود.",
  "میانگین وزنی مصرف بودجه‌ها نسبت به سقف‌شان این عدد را ساخته.",
  "خرج ماه‌ها با هم فرق بیشتری داشته. عدد فقط نوسان را گزارش می‌کند.",
  "هنوز پوشش جداگانه‌ای برای خرج ضروری کنار گذاشته نشده.",
  "پرداخت‌های تکراری بدهی حدود ۸۰٪ از درآمد این دوره است.",
  "برای نرخ پس‌انداز، درآمد این دوره را ثبت کن.",
  "هنوز بودجه‌ای برای این ماه تنظیم نشده.",
  "برای دیدن ثبات خرج، به چند ماه ثبت نیاز داریم.",
  "خرج ضروری این دوره مشخص نیست؛ پوشش اضطراری بعد از آن محاسبه می‌شود.",
  "برای این بخش به درآمد ثبت‌شده نیاز داریم.",
  "۴ واحد بالاتر از ماه قبل",
  "۴ واحد کمتر از ماه قبل",
  "مثل ماه قبل",
]
`;
